// Jest Snapshot v1, https://goo.gl/fbAQLP

exports[`App Screen should renders \`App Screen\` module correctly 1`] = `ShallowWrapper {}`;
